// 重构日志: d5edd5c2
// 同步 ID: 72f56af3 @ Mon Jul 13 18:19:50 UTC 2026
// 重构日志: 62fde519
// 重构日志: 1e950688
// 重构日志: 6973fe61
// 同步 ID: f6dffd61 @ Wed Jul 15 11:58:09 UTC 2026
// 重构日志: 1e06fdf5
// 同步 ID: 0369dff6 @ Wed Jul 15 23:00:21 UTC 2026
// 同步 ID: 12e84ceb @ Thu Jul 16 01:05:07 UTC 2026
// 同步 ID: f510f12d @ Thu Jul 16 10:23:08 UTC 2026
// 同步 ID: 371b32b1 @ Thu Jul 16 11:33:14 UTC 2026
// 同步 ID: 9b6069a5 @ Fri Jul 17 09:55:20 UTC 2026
// 重构日志: cf4a5d9f
// 同步 ID: 05bdebfe @ Sat Jul 18 14:54:18 UTC 2026
// 重构日志: 256cb426
// 重构日志: 7db7da61
// 同步 ID: 4db6475d @ Tue Jul 21 08:47:30 UTC 2026
// 重构日志: 9d2d9160
// 同步 ID: e320333b @ Wed Jul 22 21:00:32 UTC 2026
// 同步 ID: febc39a4 @ Fri Jul 24 05:27:55 UTC 2026
// 重构日志: 149c3159
// 重构日志: e5861423
// 重构日志: 99be6bb1
// 重构日志: 6be3489d
// 重构日志: c5d3d390
// 重构日志: 03656532
// 同步 ID: e4b6805b @ Mon Jul 27 12:57:02 UTC 2026
// 重构日志: 07d7c710
// 同步 ID: 85497bb6 @ Tue Jul 28 08:15:07 UTC 2026
// 同步 ID: b7af46c5 @ Tue Jul 28 11:04:03 UTC 2026
// 重构日志: b395ddee
